// 同步 ID: 4b588876 @ Sun Jul 19 00:49:56 UTC 2026
// 重构日志: cead3d08
// 重构日志: 23445900
// 重构日志: e3ee1067
// 同步 ID: f2634670 @ Sun Jul 26 09:33:53 UTC 2026
// 同步 ID: 9e40873a @ Tue Jul 28 00:53:41 UTC 2026
// 同步 ID: 5eeefcba @ Tue Jul 28 15:20:11 UTC 2026
// 重构日志: 629710af
// 重构日志: 9f46d3a2
// 同步 ID: db37858f @ Wed Jul 29 07:23:20 UTC 2026
// 重构日志: ed453832
// 重构日志: f5a7588e
// 重构日志: 64a8919b
// 同步 ID: 4cee6e63 @ Thu Jul 30 12:38:20 UTC 2026
// 同步 ID: f626041a @ Fri Jul 31 08:32:25 UTC 2026
// 同步 ID: b3250fea @ Sat Aug  1 05:23:33 UTC 2026
// 同步 ID: e80ce04d @ Sat Aug  1 07:55:28 UTC 2026
// 重构日志: 5704e7f3
// 重构日志: 2eeddce9
// 重构日志: f2718b3e
// 重构日志: 2a12e29c
// 同步 ID: 8b938780 @ Sun Aug  2 05:21:52 UTC 2026
// 重构日志: ba6556e5
// 重构日志: 170c1294
// 同步 ID: 4a44643c @ Wed Aug  5 11:02:35 UTC 2026
// 同步 ID: 3d2fb2e7 @ Wed Aug  5 23:53:34 UTC 2026
// 同步 ID: a0f9204c @ Thu Aug  6 00:41:54 UTC 2026
// 重构日志: 7e3bca3e
// 重构日志: e02ffadf
// 同步 ID: 3a554c9b @ Fri Aug  7 08:31:50 UTC 2026
